// Jest Snapshot v1, https://goo.gl/fbAQLP

exports[`flexbox inline styles snapshot 1`] = `
Object {
  "align-content-center": Object {
    "alignContent": "center",
  },
  "align-content-flex-end": Object {
    "alignContent": "flex-end",
  },
  "align-content-flex-start": Object {
    "alignContent": "flex-start",
  },
  "align-content-space-around": Object {
    "alignContent": "space-around",
  },
  "align-content-space-between": Object {
    "alignContent": "space-between",
  },
  "align-items-baseline": Object {
    "alignItems": "baseline",
  },
  "align-items-center": Object {
    "alignItems": "center",
  },
  "align-items-flex-end": Object {
    "alignItems": "flex-end",
  },
  "align-items-flex-start": Object {
    "alignItems": "flex-start",
  },
  "align-self-center": Object {
    "alignSelf": "center",
  },
  "box": Object {
    "boxSizing": "border-box",
    "margin": "0",
    "padding": "0",
  },
  "container": Object {
    "boxSizing": "border-box",
    "display": "flex",
    "flexWrap": "wrap",
    "width": "100%",
  },
  "direction-column": Object {
    "flexDirection": "column",
  },
  "direction-column-reverse": Object {
    "flexDirection": "column-reverse",
  },
  "direction-row-reverse": Object {
    "flexDirection": "row-reverse",
  },
  "flex": Object {
    "display": "flex",
  },
  "item": Object {
    "boxSizing": "border-box",
    "margin": "0",
  },
  "justify-xs-center": Object {
    "justifyContent": "center",
  },
  "justify-xs-flex-end": Object {
    "justifyContent": "flex-end",
  },
  "justify-xs-space-around": Object {
    "justifyContent": "space-around",
  },
  "justify-xs-space-between": Object {
    "justifyContent": "space-between",
  },
  "wrap-nowrap": Object {
    "flexWrap": "nowrap",
  },
  "wrap-reverse": Object {
    "flexWrap": "wrap-reverse",
  },
  "zeroMinWidth": Object {
    "minWidth": 0,
  },
}
`;
